Need to install the following packages:
next@16.1.1
